// Jest Snapshot v1, https://goo.gl/fbAQLP

exports[`Great Sword utils calculateGreatSwordDamage calculates damage 1`] = `
[
  {
    "elementalDamage": 0.675,
    "koDamage": undefined,
    "rawDamage": 144.78750000000002,
    "totalDamage": 145,
  },
]
`;
